Microchip MPLAB XC8 Compiler V2.32

Linker command line:

-W-3 --edf=C:\Program Files\Microchip\xc8\v2.32\pic\dat\en_msgs.txt \
  --msgdisable=0,0 -cn \
  -h+dist/default/production\MPLABX_XC8_Safe_Utilities.X.production.sym \
  --cmf=dist/default/production\MPLABX_XC8_Safe_Utilities.X.production.cmf \
  -z -Q16LF18856 -oC:\Users\RKilleen\AppData\Local\Temp\2\xcAs540.4 \
  --defsym=__MPLAB_BUILD=1 \
  -Mdist/default/production/MPLABX_XC8_Safe_Utilities.X.production.map -E1 \
  -ver=XC8 Compiler --acfsm=1493 -ASTACK=02180h-027EFh -pstack=STACK \
  -ACODE=00h-07FFhx8 -ASTRCODE=00h-03FFFh -ASTRING=00h-0FFhx64 \
  -ACONST=00h-0FFhx64 -AENTRY=00h-0FFhx64 -ACOMMON=070h-07Fh \
  -ABANK0=020h-06Fh -ABANK1=0A0h-0EFh -ABANK2=0120h-016Fh \
  -ABANK3=01A0h-01EFh -ABANK4=0220h-026Fh -ABANK5=02A0h-02EFh \
  -ABANK6=0320h-036Fh -ABANK7=03A0h-03EFh -ABANK8=0420h-046Fh \
  -ABANK9=04A0h-04EFh -ABANK10=0520h-056Fh -ABANK11=05A0h-05EFh \
  -ABANK12=0620h-066Fh -ABANK13=06A0h-06EFh -ABANK14=0720h-076Fh \
  -ABANK15=07A0h-07EFh -ABANK16=0820h-086Fh -ABANK17=08A0h-08EFh \
  -ABANK18=0920h-096Fh -ABANK19=09A0h-09EFh -ABANK20=0A20h-0A6Fh \
  -ABANK21=0AA0h-0AEFh -ABANK22=0B20h-0B6Fh -ABANK23=0BA0h-0BEFh \
  -ABANK24=0C20h-0C6Fh -ABANK25=0CA0h-0CBFh -ABIGRAM=02000h-027EFh \
  -ARAM=020h-06Fh,0A0h-0EFh,0120h-016Fh,01A0h-01EFh,0220h-026Fh,02A0h-02EFh,0320h-036Fh,03A0h-03EFh,0420h-046Fh,04A0h-04EFh,0520h-056Fh,05A0h-05EFh,0620h-066Fh,06A0h-06EFh,0720h-076Fh,07A0h-07EFh,0820h-086Fh,08A0h-08EFh,0920h-096Fh,09A0h-09EFh,0A20h-0A6Fh,0AA0h-0AEFh,0B20h-0B6Fh,0BA0h-0BEFh,0C20h-0C6Fh,0CA0h-0CBFh \
  -AABS1=020h-07Fh,0A0h-0EFh,0120h-016Fh,01A0h-01EFh,0220h-026Fh,02A0h-02EFh,0320h-036Fh,03A0h-03EFh,0420h-046Fh,04A0h-04EFh,0520h-056Fh,05A0h-05EFh,0620h-066Fh,06A0h-06EFh,0720h-076Fh,07A0h-07EFh,0820h-086Fh,08A0h-08EFh,0920h-096Fh,09A0h-09EFh,0A20h-0A6Fh,0AA0h-0AEFh,0B20h-0B6Fh,0BA0h-0BEFh,0C20h-0C6Fh,0CA0h-0CBFh \
  -ASFR0=00h-01Fh -ASFR1=080h-09Fh -ASFR2=0100h-011Fh -ASFR3=0180h-019Fh \
  -ASFR4=0200h-021Fh -ASFR5=0280h-029Fh -ASFR6=0300h-031Fh \
  -ASFR7=0380h-039Fh -ASFR8=0400h-041Fh -ASFR9=0480h-049Fh \
  -ASFR10=0500h-051Fh -ASFR11=0580h-059Fh -ASFR12=0600h-061Fh \
  -ASFR13=0680h-069Fh -ASFR14=0700h-071Fh -ASFR15=0780h-079Fh \
  -ASFR16=0800h-081Fh -ASFR17=0880h-089Fh -ASFR18=0900h-091Fh \
  -ASFR19=0980h-099Fh -ASFR20=0A00h-0A1Fh -ASFR21=0A80h-0A9Fh \
  -ASFR22=0B00h-0B1Fh -ASFR23=0B80h-0B9Fh -ASFR24=0C00h-0C1Fh \
  -ASFR25=0C80h-0C9Fh -ASFR26=0D00h-0D6Fh -ASFR27=0D80h-0DEFh \
  -ASFR28=0E00h-0E6Fh -ASFR29=0E80h-0EEFh -ASFR30=0F00h-0F6Fh \
  -ASFR31=0F80h-0FEFh -ACONFIG=08007h-0800Bh -DCONFIG=2 \
  -AIDLOC=08000h-08003h -DIDLOC=2 -AEEDATA=00h-0FFh/0F000h \
  -peeprom_data=EEDATA -DEEDATA=2 -DCODE=2 -DSTRCODE=2 -DSTRING=2 -DCONST=2 \
  -DENTRY=2 -preset_vec=00h,intentry,init,end_init -ppowerup=CODE \
  -pcinit=CODE -pfunctab=ENTRY -k \
  C:\Users\RKilleen\AppData\Local\Temp\2\xcAs540.o \
  dist/default/production\MPLABX_XC8_Safe_Utilities.X.production.o 

Object code version is 3.11

Machine type is 16LF18856



                Name                               Link     Load   Length Selector   Space Scale
C:\Users\RKilleen\AppData\Local\Temp\2\xcAs540.o
                end_init                              2        2        2        0       0
                reset_vec                             0        0        2        0       0
dist/default/production\MPLABX_XC8_Safe_Utilities.X.production.o
                cinit                               7F5      7F5        B      FEA       0
                text14                              2FB      2FB        E      5F6       0
                text13                              309      309       15      612       0
                text12                              33B      33B       1F      676       0
                text11                              475      475       60      8EA       0
                text10                              422      422       53      844       0
                text9                               4D5      4D5       7E      9AA       0
                text8                               641      641      1B4      C82       0
                text7                               35A      35A       1F      6B4       0
                text6                               379      379       1F      6F2       0
                text5                               398      398       1F      730       0
                text4                               3B7      3B7       1F      76E       0
                text3                               3D6      3D6       4C      7AC       0
                text2                               31E      31E       1D      63C       0
                text1                               2EE      2EE        D      5DC       0
                maintext                            553      553       EE      AA6       0
                cstackBANK0                          20       20       47       20       1
                cstackCOMMON                         70       70        E       70       1
                cstackBANK1                          A0       A0       40       A0       1
                cstackBANK2                         120      120       40      120       1
                cstackBANK3                         1A0      1A0       40      1A0       1
                clrtext                             2E8      2E8        6      5D0       0
                bssBANK4                            220      220       40      220       1
                stringtext6                         833      833        3     1000       0
                stringtext5                         830      830        3     1000       0
                stringtext4                         82C      82C        4     1000       0
                stringtext3                         828      828        4     1000       0
                stringtext2                         824      824        4     1000       0
                stringtext1                         800      800       24     1000       0

TOTAL           Name                               Link     Load   Length     Space
        CLASS   STACK          

        CLASS   CODE           
                end_init                              2        2        2         0
                cinit                               7F5      7F5        B         0
                reset_vec                             0        0        2         0
                text14                              2FB      2FB        E         0
                text13                              309      309       15         0
                text12                              33B      33B       1F         0
                text11                              475      475       60         0
                text10                              422      422       53         0
                text9                               4D5      4D5       7E         0
                text8                               641      641      1B4         0
                text7                               35A      35A       1F         0
                text6                               379      379       1F         0
                text5                               398      398       1F         0
                text4                               3B7      3B7       1F         0
                text3                               3D6      3D6       4C         0
                text2                               31E      31E       1D         0
                text1                               2EE      2EE        D         0
                maintext                            553      553       EE         0
                clrtext                             2E8      2E8        6         0

        CLASS   STRCODE        
                stringtext6                         833      833        3         0
                stringtext5                         830      830        3         0
                stringtext4                         82C      82C        4         0
                stringtext3                         828      828        4         0
                stringtext2                         824      824        4         0
                stringtext1                         800      800       24         0

        CLASS   STRING         

        CLASS   CONST          

        CLASS   ENTRY          

        CLASS   COMMON         
                cstackCOMMON                         70       70        E         1

        CLASS   BANK0          
                cstackBANK0                          20       20       47         1

        CLASS   BANK1          
                cstackBANK1                          A0       A0       40         1

        CLASS   BANK2          
                cstackBANK2                         120      120       40         1

        CLASS   BANK3          
                cstackBANK3                         1A0      1A0       40         1

        CLASS   BANK4          
                bssBANK4                            220      220       40         1

        CLASS   BANK5          

        CLASS   BANK6          

        CLASS   BANK7          

        CLASS   BANK8          

        CLASS   BANK9          

        CLASS   BANK10         

        CLASS   BANK11         

        CLASS   BANK12         

        CLASS   BANK13         

        CLASS   BANK14         

        CLASS   BANK15         

        CLASS   BANK16         

        CLASS   BANK17         

        CLASS   BANK18         

        CLASS   BANK19         

        CLASS   BANK20         

        CLASS   BANK21         

        CLASS   BANK22         

        CLASS   BANK23         

        CLASS   BANK24         

        CLASS   BANK25         

        CLASS   BIGRAM         

        CLASS   RAM            

        CLASS   ABS1           
                abs_s1                               7E       7E        2         1

        CLASS   SFR0           

        CLASS   SFR1           

        CLASS   SFR2           

        CLASS   SFR3           

        CLASS   SFR4           

        CLASS   SFR5           

        CLASS   SFR6           

        CLASS   SFR7           

        CLASS   SFR8           

        CLASS   SFR9           

        CLASS   SFR10          

        CLASS   SFR11          

        CLASS   SFR12          

        CLASS   SFR13          

        CLASS   SFR14          

        CLASS   SFR15          

        CLASS   SFR16          

        CLASS   SFR17          

        CLASS   SFR18          

        CLASS   SFR19          

        CLASS   SFR20          

        CLASS   SFR21          

        CLASS   SFR22          

        CLASS   SFR23          

        CLASS   SFR24          

        CLASS   SFR25          

        CLASS   SFR26          

        CLASS   SFR27          

        CLASS   SFR28          

        CLASS   SFR29          

        CLASS   SFR30          

        CLASS   SFR31          

        CLASS   CONFIG         

        CLASS   IDLOC          

        CLASS   EEDATA         

        CLASS   BANK31         

        CLASS   BANK30         

        CLASS   BANK29         

        CLASS   BANK28         

        CLASS   BANK27         

        CLASS   BANK26         



SEGMENTS        Name                           Load    Length   Top    Selector   Space  Class     Delta

                reset_vec                      000000  000004  000004         0       0  CODE        2
                cstackBANK0                    000020  000047  000067        20       1  BANK0       1
                cstackCOMMON                   000070  00000E  00007E        70       1  COMMON      1
                cstackBANK1                    0000A0  000040  0000E0        A0       1  BANK1       1
                cstackBANK2                    000120  000040  000160       120       1  BANK2       1
                cstackBANK3                    0001A0  000040  0001E0       1A0       1  BANK3       1
                bssBANK4                       000220  000040  000260       220       1  BANK4       1
                clrtext                        0002E8  000006  0002EE       5D0       0  CODE        2
                text1                          0002EE  00000D  0002FB       5DC       0  CODE        2
                text14                         0002FB  00000E  000309       5F6       0  CODE        2
                text13                         000309  000015  00031E       612       0  CODE        2
                text2                          00031E  00001D  00033B       63C       0  CODE        2
                text12                         00033B  00001F  00035A       676       0  CODE        2
                text7                          00035A  00001F  000379       6B4       0  CODE        2
                text6                          000379  00001F  000398       6F2       0  CODE        2
                text5                          000398  00001F  0003B7       730       0  CODE        2
                text4                          0003B7  00001F  0003D6       76E       0  CODE        2
                text3                          0003D6  00004C  000422       7AC       0  CODE        2
                text10                         000422  000053  000475       844       0  CODE        2
                text11                         000475  000060  0004D5       8EA       0  CODE        2
                text9                          0004D5  00007E  000553       9AA       0  CODE        2
                maintext                       000553  0000EE  000641       AA6       0  CODE        2
                text8                          000641  0001B4  0007F5       C82       0  CODE        2
                cinit                          0007F5  00000B  000800       FEA       0  CODE        2
                stringtext1                    000800  000036  000836      1000       0  STRCODE     2


UNUSED ADDRESS RANGES

        Name                Unused          Largest block    Delta
        BANK0            0067-006F              9           1
        BANK1            00E0-00EF             10           1
        BANK10           0520-056F             50           1
        BANK11           05A0-05EF             50           1
        BANK12           0620-066F             50           1
        BANK13           06A0-06EF             50           1
        BANK14           0720-076F             50           1
        BANK15           07A0-07EF             50           1
        BANK16           0820-086F             50           1
        BANK17           08A0-08EF             50           1
        BANK18           0920-096F             50           1
        BANK19           09A0-09EF             50           1
        BANK2            0160-016F             10           1
        BANK20           0A20-0A6F             50           1
        BANK21           0AA0-0AEF             50           1
        BANK22           0B20-0B6F             50           1
        BANK23           0BA0-0BEF             50           1
        BANK24           0C20-0C6F             50           1
        BANK25           0CA0-0CBF             20           1
        BANK3            01E0-01EF             10           1
        BANK4            0260-026F             10           1
        BANK5            02A0-02EF             50           1
        BANK6            0320-036F             50           1
        BANK7            03A0-03EF             50           1
        BANK8            0420-046F             50           1
        BANK9            04A0-04EF             50           1
        BIGRAM           2000-27EF            7F0           1
        CODE             0004-02E7            2E4           2
                         0836-3FFF            800
        CONFIG           8007-800B              5           2
        CONST            0004-02E7            100           2
                         0836-3FFF            100
        EEDATA           F000-F0FF            100           2
        ENTRY            0004-02E7            100           2
                         0836-3FFF            100
        IDLOC            8000-8003              4           2
        RAM              0067-006F              9           1
                         00E0-00EF             10
                         0160-016F             10
                         01E0-01EF             10
                         0260-026F             10
                         02A0-02EF             50
                         0320-036F             50
                         03A0-03EF             50
                         0420-046F             50
                         04A0-04EF             50
                         0520-056F             50
                         05A0-05EF             50
                         0620-066F             50
                         06A0-06EF             50
                         0720-076F             50
                         07A0-07EF             50
                         0820-086F             50
                         08A0-08EF             50
                         0920-096F             50
                         09A0-09EF             50
                         0A20-0A6F             50
                         0AA0-0AEF             50
                         0B20-0B6F             50
                         0BA0-0BEF             50
                         0C20-0C6F             50
                         0CA0-0CBF             20
        SFR0             0000-001F             20           1
        SFR1             0080-009F             20           1
        SFR10            0500-051F             20           1
        SFR11            0580-059F             20           1
        SFR12            0600-061F             20           1
        SFR13            0680-069F             20           1
        SFR14            0700-071F             20           1
        SFR15            0780-079F             20           1
        SFR16            0800-081F             20           1
        SFR17            0880-089F             20           1
        SFR18            0900-091F             20           1
        SFR19            0980-099F             20           1
        SFR2             0100-011F             20           1
        SFR20            0A00-0A1F             20           1
        SFR21            0A80-0A9F             20           1
        SFR22            0B00-0B1F             20           1
        SFR23            0B80-0B9F             20           1
        SFR24            0C00-0C1F             20           1
        SFR25            0C80-0C9F             20           1
        SFR26            0D00-0D6F             70           1
        SFR27            0D80-0DEF             70           1
        SFR28            0E00-0E6F             70           1
        SFR29            0E80-0EEF             70           1
        SFR3             0180-019F             20           1
        SFR30            0F00-0F6F             70           1
        SFR31            0F80-0FEF             70           1
        SFR4             0200-021F             20           1
        SFR5             0280-029F             20           1
        SFR6             0300-031F             20           1
        SFR7             0380-039F             20           1
        SFR8             0400-041F             20           1
        SFR9             0480-049F             20           1
        STACK            2180-27EF            670           1
        STRCODE          0004-02E7            2E4           2
                         0836-3FFF           37CA
        STRING           0004-02E7            100           2
                         0836-3FFF            100

                                  Symbol Table

?___awdiv                     cstackCOMMON 0076
?___awmod                     cstackCOMMON 0070
?___wmul                      cstackCOMMON 0070
?_safe_string_length          cstackCOMMON 0070
__Habs1                       abs1         0000
__Hbank0                      bank0        0000
__Hbank1                      bank1        0000
__Hbank10                     bank10       0000
__Hbank11                     bank11       0000
__Hbank12                     bank12       0000
__Hbank13                     bank13       0000
__Hbank14                     bank14       0000
__Hbank15                     bank15       0000
__Hbank16                     bank16       0000
__Hbank17                     bank17       0000
__Hbank18                     bank18       0000
__Hbank19                     bank19       0000
__Hbank2                      bank2        0000
__Hbank20                     bank20       0000
__Hbank21                     bank21       0000
__Hbank22                     bank22       0000
__Hbank23                     bank23       0000
__Hbank24                     bank24       0000
__Hbank25                     bank25       0000
__Hbank26                     bank26       0000
__Hbank27                     bank27       0000
__Hbank28                     bank28       0000
__Hbank29                     bank29       0000
__Hbank3                      bank3        0000
__Hbank30                     bank30       0000
__Hbank31                     bank31       0000
__Hbank4                      bank4        0000
__Hbank5                      bank5        0000
__Hbank6                      bank6        0000
__Hbank7                      bank7        0000
__Hbank8                      bank8        0000
__Hbank9                      bank9        0000
__Hbigram                     bigram       0000
__HbssBANK4                   bssBANK4     0000
__Hcinit                      cinit        0800
__Hclrtext                    clrtext      0000
__Hcode                       code         0000
__Hcommon                     common       0000
__HcstackBANK0                cstackBANK0  0000
__HcstackBANK1                cstackBANK1  0000
__HcstackBANK2                cstackBANK2  0000
__HcstackBANK3                cstackBANK3  0000
__HcstackCOMMON               cstackCOMMON 0000
__Heeprom_data                eeprom_data  0000
__Hend_init                   end_init     0004
__Hfunctab                    functab      0000
__Hinit                       init         0002
__Hintentry                   intentry     0002
__Hmaintext                   maintext     0000
__Hpowerup                    powerup      0000
__Hram                        ram          0000
__Hreset_vec                  reset_vec    0002
__Hsfr0                       sfr0         0000
__Hsfr1                       sfr1         0000
__Hsfr10                      sfr10        0000
__Hsfr11                      sfr11        0000
__Hsfr12                      sfr12        0000
__Hsfr13                      sfr13        0000
__Hsfr14                      sfr14        0000
__Hsfr15                      sfr15        0000
__Hsfr16                      sfr16        0000
__Hsfr17                      sfr17        0000
__Hsfr18                      sfr18        0000
__Hsfr19                      sfr19        0000
__Hsfr2                       sfr2         0000
__Hsfr20                      sfr20        0000
__Hsfr21                      sfr21        0000
__Hsfr22                      sfr22        0000
__Hsfr23                      sfr23        0000
__Hsfr24                      sfr24        0000
__Hsfr25                      sfr25        0000
__Hsfr26                      sfr26        0000
__Hsfr27                      sfr27        0000
__Hsfr28                      sfr28        0000
__Hsfr29                      sfr29        0000
__Hsfr3                       sfr3         0000
__Hsfr30                      sfr30        0000
__Hsfr31                      sfr31        0000
__Hsfr4                       sfr4         0000
__Hsfr5                       sfr5         0000
__Hsfr6                       sfr6         0000
__Hsfr7                       sfr7         0000
__Hsfr8                       sfr8         0000
__Hsfr9                       sfr9         0000
__Hspace_0                    (abs)        0836
__Hspace_1                    (abs)        0260
__Hspace_2                    (abs)        0000
__Hspace_3                    (abs)        0000
__Hstack                      stack        0000
__Hstrings                    strings      0000
__Hstringtext1                stringtext1  0000
__Hstringtext2                stringtext2  0000
__Hstringtext3                stringtext3  0000
__Hstringtext4                stringtext4  0000
__Hstringtext5                stringtext5  0000
__Hstringtext6                stringtext6  0000
__Hstringtext7                stringtext7  0000
__Htext                       text         0000
__Labs1                       abs1         0000
__Lbank0                      bank0        0000
__Lbank1                      bank1        0000
__Lbank10                     bank10       0000
__Lbank11                     bank11       0000
__Lbank12                     bank12       0000
__Lbank13                     bank13       0000
__Lbank14                     bank14       0000
__Lbank15                     bank15       0000
__Lbank16                     bank16       0000
__Lbank17                     bank17       0000
__Lbank18                     bank18       0000
__Lbank19                     bank19       0000
__Lbank2                      bank2        0000
__Lbank20                     bank20       0000
__Lbank21                     bank21       0000
__Lbank22                     bank22       0000
__Lbank23                     bank23       0000
__Lbank24                     bank24       0000
__Lbank25                     bank25       0000
__Lbank26                     bank26       0000
__Lbank27                     bank27       0000
__Lbank28                     bank28       0000
__Lbank29                     bank29       0000
__Lbank3                      bank3        0000
__Lbank30                     bank30       0000
__Lbank31                     bank31       0000
__Lbank4                      bank4        0000
__Lbank5                      bank5        0000
__Lbank6                      bank6        0000
__Lbank7                      bank7        0000
__Lbank8                      bank8        0000
__Lbank9                      bank9        0000
__Lbigram                     bigram       0000
__LbssBANK4                   bssBANK4     0000
__Lcinit                      cinit        07F5
__Lclrtext                    clrtext      0000
__Lcode                       code         0000
__Lcommon                     common       0000
__LcstackBANK0                cstackBANK0  0000
__LcstackBANK1                cstackBANK1  0000
__LcstackBANK2                cstackBANK2  0000
__LcstackBANK3                cstackBANK3  0000
__LcstackCOMMON               cstackCOMMON 0000
__Leeprom_data                eeprom_data  0000
__Lend_init                   end_init     0002
__Lfunctab                    functab      0000
__Linit                       init         0002
__Lintentry                   intentry     0002
__Lmaintext                   maintext     0000
__Lpowerup                    powerup      0000
__Lram                        ram          0000
__Lreset_vec                  reset_vec    0000
__Lsfr0                       sfr0         0000
__Lsfr1                       sfr1         0000
__Lsfr10                      sfr10        0000
__Lsfr11                      sfr11        0000
__Lsfr12                      sfr12        0000
__Lsfr13                      sfr13        0000
__Lsfr14                      sfr14        0000
__Lsfr15                      sfr15        0000
__Lsfr16                      sfr16        0000
__Lsfr17                      sfr17        0000
__Lsfr18                      sfr18        0000
__Lsfr19                      sfr19        0000
__Lsfr2                       sfr2         0000
__Lsfr20                      sfr20        0000
__Lsfr21                      sfr21        0000
__Lsfr22                      sfr22        0000
__Lsfr23                      sfr23        0000
__Lsfr24                      sfr24        0000
__Lsfr25                      sfr25        0000
__Lsfr26                      sfr26        0000
__Lsfr27                      sfr27        0000
__Lsfr28                      sfr28        0000
__Lsfr29                      sfr29        0000
__Lsfr3                       sfr3         0000
__Lsfr30                      sfr30        0000
__Lsfr31                      sfr31        0000
__Lsfr4                       sfr4         0000
__Lsfr5                       sfr5         0000
__Lsfr6                       sfr6         0000
__Lsfr7                       sfr7         0000
__Lsfr8                       sfr8         0000
__Lsfr9                       sfr9         0000
__Lspace_0                    (abs)        0000
__Lspace_1                    (abs)        0000
__Lspace_2                    (abs)        0000
__Lspace_3                    (abs)        0000
__Lstack                      stack        0000
__Lstrings                    strings      0000
__Lstringtext1                stringtext1  0000
__Lstringtext2                stringtext2  0000
__Lstringtext3                stringtext3  0000
__Lstringtext4                stringtext4  0000
__Lstringtext5                stringtext5  0000
__Lstringtext6                stringtext6  0000
__Lstringtext7                stringtext7  0000
__Ltext                       text         0000
__S0                          (abs)        0836
__S1                          (abs)        0260
__S2                          (abs)        0000
__S3                          (abs)        0000
___awdiv                      text11       0475
___awdiv@counter              cstackBANK0  0020
___awdiv@dividend             cstackCOMMON 0078
___awdiv@divisor              cstackCOMMON 0076
___awdiv@quotient             cstackBANK0  0022
___awdiv@sign                 cstackBANK0  0021
___awmod                      text10       0422
___awmod@counter              cstackCOMMON 0075
___awmod@dividend             cstackCOMMON 0072
___awmod@divisor              cstackCOMMON 0070
___awmod@sign                 cstackCOMMON 0076
___bmul                       text13       0309
___bmul@multiplicand          cstackCOMMON 0070
___bmul@multiplier            cstackCOMMON 0073
___bmul@product               cstackCOMMON 0072
___int_sp                     stack        0000
___latbits                    (abs)        0003
___sp                         stack        0000
___stackhi                    (abs)        27EF
___stacklo                    (abs)        2180
___wmul                       text12       033B
___wmul@multiplicand          cstackCOMMON 0072
___wmul@multiplier            cstackCOMMON 0070
___wmul@product               cstackCOMMON 0074
__end_of___awdiv              text11       04D5
__end_of___awmod              text10       0475
__end_of___bmul               text13       031E
__end_of___wmul               text12       035A
__end_of__initialization      cinit        07FD
__end_of_main                 maintext     0641
__end_of_safe_compress        text14       0309
__end_of_safe_int_to_dec      text9        0553
__end_of_safe_sprintf         text8        07F5
__end_of_safe_sprintf1        text7        0379
__end_of_safe_sprintf2        text6        0398
__end_of_safe_sprintf3        text5        03B7
__end_of_safe_sprintf4        text4        03D6
__end_of_safe_string_compare  text3        0422
__end_of_safe_string_length   text2        033B
__end_of_safe_uncompress      text1        02FB
__end_ofmain@msg              stringtext1  0814
__initialization              cinit        07F5
__pbssBANK4                   bssBANK4     0220
__pcstackBANK0                cstackBANK0  0020
__pcstackBANK1                cstackBANK1  00A0
__pcstackBANK2                cstackBANK2  0120
__pcstackBANK3                cstackBANK3  01A0
__pcstackCOMMON               cstackCOMMON 0070
__pmaintext                   maintext     0553
__pstringtext1                stringtext1  0800
__pstringtext2                stringtext2  0824
__pstringtext3                stringtext3  0828
__pstringtext4                stringtext4  082C
__pstringtext5                stringtext5  0830
__pstringtext6                stringtext6  0833
__pstringtext7                stringtext7  0000
__ptext1                      text1        02EE
__ptext10                     text10       0422
__ptext11                     text11       0475
__ptext12                     text12       033B
__ptext13                     text13       0309
__ptext14                     text14       02FB
__ptext2                      text2        031E
__ptext3                      text3        03D6
__ptext4                      text4        03B7
__ptext5                      text5        0398
__ptext6                      text6        0379
__ptext7                      text7        035A
__ptext8                      text8        0641
__ptext9                      text9        04D5
__size_of___awdiv             (abs)        0000
__size_of___awmod             (abs)        0000
__size_of___bmul              (abs)        0000
__size_of___wmul              (abs)        0000
__size_of_main                (abs)        0000
__size_of_safe_compress       (abs)        0000
__size_of_safe_int_to_dec     (abs)        0000
__size_of_safe_sprintf        (abs)        0000
__size_of_safe_sprintf1       (abs)        0000
__size_of_safe_sprintf2       (abs)        0000
__size_of_safe_sprintf3       (abs)        0000
__size_of_safe_sprintf4       (abs)        0000
__size_of_safe_string_compare (abs)        0000
__size_of_safe_string_length  (abs)        0000
__size_of_safe_uncompress     (abs)        0000
_main                         maintext     0553
_safe_compress                text14       02FB
_safe_int_to_dec              text9        04D5
_safe_sprintf                 text8        0641
_safe_sprintf1                text7        035A
_safe_sprintf2                text6        0379
_safe_sprintf3                text5        0398
_safe_sprintf4                text4        03B7
_safe_string_compare          text3        03D6
_safe_string_length           text2        031E
_safe_uncompress              text1        02EE
btemp                         (abs)        007E
clear_ram0                    clrtext      02E8
end_of_initialization         cinit        07FD
intlevel0                     functab      0000
intlevel1                     functab      0000
intlevel2                     functab      0000
intlevel3                     functab      0000
intlevel4                     functab      0000
intlevel5                     functab      0000
main@comp_msg                 cstackBANK1  00A0
main@exp_msg                  cstackBANK2  0120
main@len_comp_msg             cstackBANK0  0065
main@len_msg                  cstackBANK0  0063
main@msg                      stringtext1  0800
main@my_string                cstackBANK3  01A0
reset_vec                     reset_vec    0000
safe_compress@aString1        cstackCOMMON 0070
safe_compress@anArray1        cstackCOMMON 0072
safe_int_to_dec@aValue        cstackBANK0  0026
safe_int_to_dec@index         cstackBANK0  002C
safe_int_to_dec@neg           cstackBANK0  002B
safe_int_to_dec@offset        cstackBANK0  0024
safe_int_to_dec@remainder     cstackBANK0  0028
safe_int_to_dec@status1       cstackBANK0  002A
safe_int_to_dec@string1       cstackBANK0  002E
safe_int_to_dec@value         cstackBANK0  002F
safe_sprintf1@d11             cstackBANK0  005A
safe_sprintf1@format1         cstackBANK0  0058
safe_sprintf1@str1            cstackCOMMON 007D
safe_sprintf2@d12             cstackBANK0  005A
safe_sprintf2@d22             cstackBANK0  005C
safe_sprintf2@format2         cstackBANK0  0058
safe_sprintf2@str2            cstackCOMMON 007D
safe_sprintf3@d13             cstackBANK0  005A
safe_sprintf3@d23             cstackBANK0  005C
safe_sprintf3@d33             cstackBANK0  005E
safe_sprintf3@format3         cstackBANK0  0058
safe_sprintf3@str3            cstackCOMMON 007D
safe_sprintf4@d14             cstackBANK0  005A
safe_sprintf4@d24             cstackBANK0  005C
safe_sprintf4@d34             cstackBANK0  005E
safe_sprintf4@d44             cstackBANK0  0060
safe_sprintf4@format4         cstackBANK0  0058
safe_sprintf4@str4            cstackCOMMON 007D
safe_sprintf@aCount           cstackBANK0  0033
safe_sprintf@count            cstackBANK0  004F
safe_sprintf@d1               cstackBANK0  0035
safe_sprintf@d2               cstackBANK0  0037
safe_sprintf@d3               cstackBANK0  0039
safe_sprintf@d4               cstackBANK0  003B
safe_sprintf@digit            cstackBANK0  0042
safe_sprintf@digits           cstackBANK0  004C
safe_sprintf@format           cstackBANK0  0031
safe_sprintf@ifmt             cstackBANK0  0055
safe_sprintf@istr             cstackBANK0  0053
safe_sprintf@max              cstackBANK0  004A
safe_sprintf@status2          cstackBANK0  004E
safe_sprintf@string           cstackBANK0  0057
safe_sprintf@width            cstackBANK0  0051
safe_string_compare@aString1  cstackCOMMON 0070
safe_string_compare@aString2  cstackCOMMON 0072
safe_string_compare@i         cstackCOMMON 0077
safe_string_compare@loop      cstackCOMMON 0076
safe_string_compare@max_chars cstackCOMMON 0073
safe_string_length@aString    cstackCOMMON 0070
safe_string_length@n          cstackCOMMON 0073
safe_uncompress@aString       cstackCOMMON 0073
safe_uncompress@anArray       cstackCOMMON 0070
safe_uncompress@arraySize     cstackCOMMON 0071
start                         init         0002
start_initialization          cinit        07F5
wtemp0                        (abs)        007E


MODULE INFORMATION

Module		Function		Class		Link	Load	Size
C:\Program Files\Microchip\xc8\v2.32\pic\sources\c90\common\Umul8.c
		___bmul        		CODE           	0309	0000	21

C:\Program Files\Microchip\xc8\v2.32\pic\sources\c90\common\Umul8.c estimated size: 21

safe_sprintf.c
		_safe_int_to_dec		CODE           	04D5	0000	126
		_safe_sprintf  		CODE           	0641	0000	436
		_safe_sprintf1 		CODE           	035A	0000	31
		_safe_sprintf2 		CODE           	0379	0000	31
		_safe_sprintf3 		CODE           	0398	0000	31
		_safe_sprintf4 		CODE           	03B7	0000	31

safe_sprintf.c estimated size: 686

safe_compress.c
		_safe_uncompress		CODE           	02EE	0000	13
		_safe_compress 		CODE           	02FB	0000	14

safe_compress.c estimated size: 27

C:\Program Files\Microchip\xc8\v2.32\pic\sources\c90\common\awmod.c
		___awmod       		CODE           	0422	0000	83

C:\Program Files\Microchip\xc8\v2.32\pic\sources\c90\common\awmod.c estimated size: 83

shared
		__initialization		CODE           	07F5	0000	8
		main@msg       		STRCODE        	0800	0000	20

shared estimated size: 28

safe_string.c
		_safe_string_compare		CODE           	03D6	0000	76
		_safe_string_length		CODE           	031E	0000	29

safe_string.c estimated size: 105

C:\Program Files\Microchip\xc8\v2.32\pic\sources\c90\common\awdiv.c
		___awdiv       		CODE           	0475	0000	96

C:\Program Files\Microchip\xc8\v2.32\pic\sources\c90\common\awdiv.c estimated size: 96

C:\Program Files\Microchip\xc8\v2.32\pic\sources\c90\common\Umul16.c
		___wmul        		CODE           	033B	0000	31

C:\Program Files\Microchip\xc8\v2.32\pic\sources\c90\common\Umul16.c estimated size: 31

main.c
		_main          		CODE           	0553	0000	238

main.c estimated size: 238

